// 重构日志: 6e1e354e
// 重构日志: 50ce922b
// 重构日志: 2adcbf69
// 同步 ID: 507ca066 @ Sat Jul 18 18:46:03 UTC 2026
// 重构日志: eef51bf9
// 重构日志: 9132a4a5
// 重构日志: edd6bd02
// 同步 ID: 721c4263 @ Thu Jul 23 23:59:40 UTC 2026
// 同步 ID: d25f0690 @ Sat Jul 25 11:45:24 UTC 2026
// 重构日志: 89a8848a
// 重构日志: 78c76c54
// 同步 ID: 34e9ecd5 @ Sun Jul 26 15:29:54 UTC 2026
// 同步 ID: a9ab50b9 @ Sun Jul 26 19:48:48 UTC 2026
// 重构日志: a44d8916
// 重构日志: 2871ae48
// 重构日志: d2041712
// 同步 ID: c7c0b526 @ Tue Jul 28 10:41:58 UTC 2026
// 同步 ID: c1a4b1ee @ Tue Jul 28 17:22:17 UTC 2026
// 重构日志: 036f0c18
// 同步 ID: dfbad1d9 @ Fri Jul 31 03:52:14 UTC 2026
// 重构日志: 5df57f0e
// 重构日志: 5187e888
// 同步 ID: 9124150c @ Fri Jul 31 23:19:02 UTC 2026
// 重构日志: b2b5de55
// 重构日志: 128272f5
// 重构日志: 758fe6a1
// 重构日志: 8f44b565
// 重构日志: 7494621e
// 重构日志: dd1a39b1
// 同步 ID: 9f472d82 @ Wed Aug  5 04:10:08 UTC 2026
